No args: [test1 - ] - done
One arg: [test1 - one] - done
Multiple arguments: [test1 - aa bb cc 'x' " ! {[_.|] - done
Evil: [test1 - bla; cat /etc/issue] - done
No args: [test2 - ] - done
One arg: [test2 - one] - done
Multiple arguments: [test2 - aa bb cc 'x' " ! {[_.|] - done
Evil: [test2 - bla; cat /etc/issue] - done
